Resultado                         Servidor                                                                                                                         BaseDatos                                                                                                                        Usuario                                                                                                                                                                                                                                                          FechaServidor                      TransaccionesPendientes
--------------------------------- -------------------------------------------------------------------------------------------------------------------------------- -------------------------------------------------------------------------------------------------------------------------------- ---------------------------------------------------------------------------------------------------------------------------------------------------------------------------------------------------------------------------------------------------------------- ---------------------------------- -----------------------
MIGRACIONES_001_002_003_APLICADAS Jose-Morales-C                                                                                                                   PrograV                                                                                                                          fabian                                                                                                                                                                                                                                                           2026-10-04 19:58:49.4518984 -06:00 0

